Microchip MPLAB XC8 Compiler V2.10 ()

Linker command line:

-W-3 --edf=C:\Program Files (x86)\Microchip\xc8\v2.10\pic\dat\en_msgs.txt \
  -cs -h+dist/default/production\sound_machine.X.production.sym \
  --cmf=dist/default/production\sound_machine.X.production.cmf -z -Q16F1937 \
  -oC:\Users\peri\AppData\Local\Temp\s9qs.2 --defsym=__MPLAB_BUILD=1 \
  -Mdist/default/production/sound_machine.X.production.map -E1 -ver=XC8 \
  --acfsm=1493 -ASTACK=02172h-021EFh -pstack=STACK -ACODE=00h-07FFhx4 \
  -ASTRCODE=00h-01FFFh -ASTRING=00h-0FFhx32 -ACONST=00h-0FFhx32 \
  -AENTRY=00h-0FFhx32 -ACOMMON=070h-07Fh -ABANK0=020h-06Fh \
  -ABANK1=0A0h-0EFh -ABANK2=0120h-016Fh -ABANK3=01A0h-01EFh \
  -ABANK4=0220h-026Fh -ABANK5=02A0h-02EFh -ABANK6=0320h-032Fh \
  -ABIGRAM=02000h-021EFh \
  -ARAM=020h-06Fh,0A0h-0EFh,0120h-016Fh,01A0h-01EFh,0220h-026Fh,02A0h-02EFh,0320h-032Fh \
  -AABS1=020h-07Fh,0A0h-0EFh,0120h-016Fh,01A0h-01EFh,0220h-026Fh,02A0h-02EFh,0320h-032Fh \
  -ASFR0=00h-01Fh -ASFR1=080h-09Fh -ASFR2=0100h-011Fh -ASFR3=0180h-019Fh \
  -ASFR4=0200h-021Fh -ASFR5=0280h-029Fh -ASFR6=0300h-031Fh \
  -ASFR7=0380h-03EFh -ASFR8=0400h-046Fh -ASFR9=0480h-04EFh \
  -ASFR10=0500h-056Fh -ASFR11=0580h-05EFh -ASFR12=0600h-066Fh \
  -ASFR13=0680h-06EFh -ASFR14=0700h-076Fh -ASFR15=0780h-07EFh \
  -ASFR16=0800h-086Fh -ASFR17=0880h-08EFh -ASFR18=0900h-096Fh \
  -ASFR19=0980h-09EFh -ASFR20=0A00h-0A6Fh -ASFR21=0A80h-0AEFh \
  -ASFR22=0B00h-0B6Fh -ASFR23=0B80h-0BEFh -ASFR24=0C00h-0C6Fh \
  -ASFR25=0C80h-0CEFh -ASFR26=0D00h-0D6Fh -ASFR27=0D80h-0DEFh \
  -ASFR28=0E00h-0E6Fh -ASFR29=0E80h-0EEFh -ASFR30=0F00h-0F6Fh \
  -ASFR31=0F80h-0FEFh -preset_vec=00h,intentry,init,end_init -ppowerup=CODE \
  -pcinit=CODE -pfunctab=ENTRY -ACONFIG=08007h-08008h -pconfig=CONFIG \
  -DCONFIG=2 -AIDLOC=08000h-08003h -pidloc=IDLOC -DIDLOC=2 \
  -AEEDATA=00h-0FFh/0F000h -peeprom_data=EEDATA -DEEDATA=2 -DCODE=2 \
  -DSTRCODE=2 -DSTRING=2 -DCONST=2 -DENTRY=2 -k \
  C:\Users\peri\AppData\Local\Temp\s9qs.o \
  dist/default/production\sound_machine.X.production.o 

Object code version is 3.11

Machine type is 16F1937



                Name                               Link     Load   Length Selector   Space Scale
C:\Users\peri\AppData\Local\Temp\s9qs.o
                end_init                              2        2        2        0       0
                reset_vec                             0        0        2        0       0
                config                             8007     8007        2    1000E       0
dist/default/production\sound_machine.X.production.o
                cinit                               7E0      7E0       20      FC0       0
                text7                               135      135       5F      26A       0
                text6                               3D5      3D5      1B4      7AA       0
                text5                                AE       AE       23      15C       0
                text4                               589      589      257      B12       0
                text3                               194      194       75      328       0
                text2                                8F       8F       1F      11E       0
                text1                               209      209       AC      412       0
                maintext                            2B5      2B5      120      56A       0
                cstackBANK0                          20       20       49       20       1
                cstackCOMMON                         70       70        E       70       1
                cstackBANK1                          A0       A0       32       A0       1
                cstackBANK2                         120      120       32      120       1
                inittext                             89       89        6      112       0
                dataBANK4                           220      220       32      220       1
                dataBANK3                           1A0      1A0       32      1A0       1
                bssBANK1                             D2       D2        2       A0       1
                bssBANK0                             69       69        2       20       1
                idataBANK4                           D1       D1       32      1A2       0
                idataBANK3                          103      103       32      206       0

TOTAL           Name                               Link     Load   Length     Space
        CLASS   STACK          

        CLASS   CODE           
                end_init                              2        2        2         0
                cinit                               7E0      7E0       20         0
                reset_vec                             0        0        2         0
                text7                               135      135       5F         0
                text6                               3D5      3D5      1B4         0
                text5                                AE       AE       23         0
                text4                               589      589      257         0
                text3                               194      194       75         0
                text2                                8F       8F       1F         0
                text1                               209      209       AC         0
                maintext                            2B5      2B5      120         0
                inittext                             89       89        6         0
                idataBANK4                           D1       D1       32         0
                idataBANK3                          103      103       32         0

        CLASS   STRCODE        

        CLASS   STRING         

        CLASS   CONST          

        CLASS   ENTRY          

        CLASS   COMMON         
                cstackCOMMON                         70       70        E         1

        CLASS   BANK0          
                cstackBANK0                          20       20       49         1
                bssBANK0                             69       69        2         1

        CLASS   BANK1          
                cstackBANK1                          A0       A0       32         1
                bssBANK1                             D2       D2        2         1

        CLASS   BANK2          
                cstackBANK2                         120      120       32         1

        CLASS   BANK3          
                dataBANK3                           1A0      1A0       32         1

        CLASS   BANK4          
                dataBANK4                           220      220       32         1

        CLASS   BANK5          

        CLASS   BANK6          

        CLASS   BIGRAM         

        CLASS   RAM            

        CLASS   ABS1           
                abs_s1                               7E       7E        2         1

        CLASS   SFR0           

        CLASS   SFR1           

        CLASS   SFR2           

        CLASS   SFR3           

        CLASS   SFR4           

        CLASS   SFR5           

        CLASS   SFR6           

        CLASS   SFR7           

        CLASS   SFR8           

        CLASS   SFR9           

        CLASS   SFR10          

        CLASS   SFR11          

        CLASS   SFR12          

        CLASS   SFR13          

        CLASS   SFR14          

        CLASS   SFR15          

        CLASS   SFR16          

        CLASS   SFR17          

        CLASS   SFR18          

        CLASS   SFR19          

        CLASS   SFR20          

        CLASS   SFR21          

        CLASS   SFR22          

        CLASS   SFR23          

        CLASS   SFR24          

        CLASS   SFR25          

        CLASS   SFR26          

        CLASS   SFR27          

        CLASS   SFR28          

        CLASS   SFR29          

        CLASS   SFR30          

        CLASS   SFR31          

        CLASS   CONFIG         
                config                             8007     8007        2         0

        CLASS   IDLOC          

        CLASS   EEDATA         

        CLASS   BANK31         

        CLASS   BANK30         

        CLASS   BANK29         

        CLASS   BANK28         

        CLASS   BANK27         

        CLASS   BANK26         

        CLASS   BANK25         

        CLASS   BANK24         

        CLASS   BANK23         

        CLASS   BANK22         

        CLASS   BANK21         

        CLASS   BANK20         

        CLASS   BANK19         

        CLASS   BANK18         

        CLASS   BANK17         

        CLASS   BANK16         

        CLASS   BANK15         

        CLASS   BANK14         

        CLASS   BANK13         

        CLASS   BANK12         

        CLASS   BANK11         

        CLASS   BANK10         

        CLASS   BANK9          

        CLASS   BANK8          

        CLASS   BANK7          



SEGMENTS        Name                           Load    Length   Top    Selector   Space  Class     Delta

                reset_vec                      000000  000004  000004         0       0  CODE        2
                cstackBANK0                    000020  00004B  00006B        20       1  BANK0       1
                cstackCOMMON                   000070  00000E  00007E        70       1  COMMON      1
                cstackBANK1                    0000A0  000034  0000D4        A0       1  BANK1       1
                inittext                       000089  000006  00008F       112       0  CODE        2
                text2                          00008F  00001F  0000AE       11E       0  CODE        2
                cstackBANK2                    000120  000032  000152       120       1  BANK2       1
                text5                          0000AE  000023  0000D1       15C       0  CODE        2
                dataBANK3                      0001A0  000032  0001D2       1A0       1  BANK3       1
                idataBANK4                     0000D1  000032  000103       1A2       0  CODE        2
                idataBANK3                     000103  000032  000135       206       0  CODE        2
                dataBANK4                      000220  000032  000252       220       1  BANK4       1
                text7                          000135  00005F  000194       26A       0  CODE        2
                text3                          000194  000075  000209       328       0  CODE        2
                text1                          000209  0000AC  0002B5       412       0  CODE        2
                maintext                       0002B5  000120  0003D5       56A       0  CODE        2
                text6                          0003D5  0001B4  000589       7AA       0  CODE        2
                text4                          000589  000257  0007E0       B12       0  CODE        2
                cinit                          0007E0  000020  000800       FC0       0  CODE        2
                config                         008007  000002  008009     1000E       0  CONFIG      2


UNUSED ADDRESS RANGES

        Name                Unused          Largest block    Delta
        BANK0            0006B-0006F               5           1
        BANK1            000D4-000EF              1C           1
        BANK2            00152-0016F              1E           1
        BANK3            001D2-001EF              1E           1
        BANK4            00252-0026F              1E           1
        BANK5            002A0-002EF              50           1
        BANK6            00320-0032F              10           1
        BIGRAM           02000-021EF             1F0           1
        CODE             00004-00088              85           2
                         00800-01FFF             800
        CONST            00004-00088              85           2
                         00800-01FFF             100
        EEDATA           0F000-0F0FF             100           2
        ENTRY            00004-00088              85           2
                         00800-01FFF             100
        IDLOC            08000-08003               4           2
        RAM              0006B-0006F               5           1
                         000D4-000EF              1C
                         00152-0016F              1E
                         001D2-001EF              1E
                         00252-0026F              1E
                         002A0-002EF              50
                         00320-0032F              10
        SFR0             00000-0001F              20           1
        SFR1             00080-0009F              20           1
        SFR10            00500-0056F              70           1
        SFR11            00580-005EF              70           1
        SFR12            00600-0066F              70           1
        SFR13            00680-006EF              70           1
        SFR14            00700-0076F              70           1
        SFR15            00780-007EF              70           1
        SFR16            00800-0086F              70           1
        SFR17            00880-008EF              70           1
        SFR18            00900-0096F              70           1
        SFR19            00980-009EF              70           1
        SFR2             00100-0011F              20           1
        SFR20            00A00-00A6F              70           1
        SFR21            00A80-00AEF              70           1
        SFR22            00B00-00B6F              70           1
        SFR23            00B80-00BEF              70           1
        SFR24            00C00-00C6F              70           1
        SFR25            00C80-00CEF              70           1
        SFR26            00D00-00D6F              70           1
        SFR27            00D80-00DEF              70           1
        SFR28            00E00-00E6F              70           1
        SFR29            00E80-00EEF              70           1
        SFR3             00180-0019F              20           1
        SFR30            00F00-00F6F              70           1
        SFR31            00F80-00FEF              70           1
        SFR4             00200-0021F              20           1
        SFR5             00280-0029F              20           1
        SFR6             00300-0031F              20           1
        SFR7             00380-003EF              70           1
        SFR8             00400-0046F              70           1
        SFR9             00480-004EF              70           1
        STACK            02172-021EF              7E           1
        STRCODE          00004-00088              85           2
                         00800-01FFF            1800
        STRING           00004-00088              85           2
                         00800-01FFF             100

                                  Symbol Table

?__Umul8_16              cstackCOMMON 00070
?___awdiv                cstackCOMMON 00070
?___fldiv                cstackBANK0  00020
?___flmul                cstackBANK0  0003A
?___fltol                cstackBANK0  00054
?___wmul                 cstackCOMMON 00070
?___xxtofl               cstackCOMMON 00070
_IRCF0                   (abs)        004CB
_IRCF1                   (abs)        004CC
_IRCF2                   (abs)        004CD
_IRCF3                   (abs)        004CE
_RB7                     (abs)        0006F
_SCS0                    (abs)        004C8
_SCS1                    (abs)        004C9
_TMR0CS                  (abs)        004AD
_TMR0IE                  (abs)        0005D
_TMR0SE                  (abs)        004AC
_TRISB7                  (abs)        0046F
__CFG_BOREN$ON           (abs)        00000
__CFG_BORV$LO            (abs)        00000
__CFG_CLKOUTEN$OFF       (abs)        00000
__CFG_CP$OFF             (abs)        00000
__CFG_CPD$OFF            (abs)        00000
__CFG_FCMEN$ON           (abs)        00000
__CFG_FOSC$ECH           (abs)        00000
__CFG_IESO$ON            (abs)        00000
__CFG_LVP$ON             (abs)        00000
__CFG_MCLRE$ON           (abs)        00000
__CFG_PLLEN$ON           (abs)        00000
__CFG_PWRTE$OFF          (abs)        00000
__CFG_STVREN$ON          (abs)        00000
__CFG_VCAPEN$OFF         (abs)        00000
__CFG_WDTE$OFF           (abs)        00000
__CFG_WRT$OFF            (abs)        00000
__Habs1                  abs1         00000
__Hbank0                 bank0        00000
__Hbank1                 bank1        00000
__Hbank10                bank10       00000
__Hbank11                bank11       00000
__Hbank12                bank12       00000
__Hbank13                bank13       00000
__Hbank14                bank14       00000
__Hbank15                bank15       00000
__Hbank16                bank16       00000
__Hbank17                bank17       00000
__Hbank18                bank18       00000
__Hbank19                bank19       00000
__Hbank2                 bank2        00000
__Hbank20                bank20       00000
__Hbank21                bank21       00000
__Hbank22                bank22       00000
__Hbank23                bank23       00000
__Hbank24                bank24       00000
__Hbank25                bank25       00000
__Hbank26                bank26       00000
__Hbank27                bank27       00000
__Hbank28                bank28       00000
__Hbank29                bank29       00000
__Hbank3                 bank3        00000
__Hbank30                bank30       00000
__Hbank31                bank31       00000
__Hbank4                 bank4        00000
__Hbank5                 bank5        00000
__Hbank6                 bank6        00000
__Hbank7                 bank7        00000
__Hbank8                 bank8        00000
__Hbank9                 bank9        00000
__Hbigram                bigram       00000
__HbssBANK0              bssBANK0     00000
__HbssBANK1              bssBANK1     00000
__Hcinit                 cinit        00800
__Hclrtext               clrtext      00000
__Hcode                  code         00000
__Hcommon                common       00000
__Hconfig                config       08009
__HcstackBANK0           cstackBANK0  00000
__HcstackBANK1           cstackBANK1  00000
__HcstackBANK2           cstackBANK2  00000
__HcstackCOMMON          cstackCOMMON 00000
__HdataBANK3             dataBANK3    00000
__HdataBANK4             dataBANK4    00000
__Heeprom_data           eeprom_data  00000
__Hend_init              end_init     00004
__Hfunctab               functab      00000
__HidataBANK3            idataBANK3   00000
__HidataBANK4            idataBANK4   00000
__Hidloc                 idloc        00000
__Hinit                  init         00002
__Hinittext              inittext     00000
__Hintentry              intentry     00002
__Hmaintext              maintext     00000
__Hpowerup               powerup      00000
__Hram                   ram          00000
__Hreset_vec             reset_vec    00002
__Hsfr0                  sfr0         00000
__Hsfr1                  sfr1         00000
__Hsfr10                 sfr10        00000
__Hsfr11                 sfr11        00000
__Hsfr12                 sfr12        00000
__Hsfr13                 sfr13        00000
__Hsfr14                 sfr14        00000
__Hsfr15                 sfr15        00000
__Hsfr16                 sfr16        00000
__Hsfr17                 sfr17        00000
__Hsfr18                 sfr18        00000
__Hsfr19                 sfr19        00000
__Hsfr2                  sfr2         00000
__Hsfr20                 sfr20        00000
__Hsfr21                 sfr21        00000
__Hsfr22                 sfr22        00000
__Hsfr23                 sfr23        00000
__Hsfr24                 sfr24        00000
__Hsfr25                 sfr25        00000
__Hsfr26                 sfr26        00000
__Hsfr27                 sfr27        00000
__Hsfr28                 sfr28        00000
__Hsfr29                 sfr29        00000
__Hsfr3                  sfr3         00000
__Hsfr30                 sfr30        00000
__Hsfr31                 sfr31        00000
__Hsfr4                  sfr4         00000
__Hsfr5                  sfr5         00000
__Hsfr6                  sfr6         00000
__Hsfr7                  sfr7         00000
__Hsfr8                  sfr8         00000
__Hsfr9                  sfr9         00000
__Hspace_0               (abs)        08009
__Hspace_1               (abs)        00252
__Hspace_2               (abs)        00000
__Hspace_3               (abs)        00000
__Hstack                 stack        00000
__Hstrings               strings      00000
__Htext                  text         00000
__Labs1                  abs1         00000
__Lbank0                 bank0        00000
__Lbank1                 bank1        00000
__Lbank10                bank10       00000
__Lbank11                bank11       00000
__Lbank12                bank12       00000
__Lbank13                bank13       00000
__Lbank14                bank14       00000
__Lbank15                bank15       00000
__Lbank16                bank16       00000
__Lbank17                bank17       00000
__Lbank18                bank18       00000
__Lbank19                bank19       00000
__Lbank2                 bank2        00000
__Lbank20                bank20       00000
__Lbank21                bank21       00000
__Lbank22                bank22       00000
__Lbank23                bank23       00000
__Lbank24                bank24       00000
__Lbank25                bank25       00000
__Lbank26                bank26       00000
__Lbank27                bank27       00000
__Lbank28                bank28       00000
__Lbank29                bank29       00000
__Lbank3                 bank3        00000
__Lbank30                bank30       00000
__Lbank31                bank31       00000
__Lbank4                 bank4        00000
__Lbank5                 bank5        00000
__Lbank6                 bank6        00000
__Lbank7                 bank7        00000
__Lbank8                 bank8        00000
__Lbank9                 bank9        00000
__Lbigram                bigram       00000
__LbssBANK0              bssBANK0     00000
__LbssBANK1              bssBANK1     00000
__Lcinit                 cinit        007E0
__Lclrtext               clrtext      00000
__Lcode                  code         00000
__Lcommon                common       00000
__Lconfig                config       08007
__LcstackBANK0           cstackBANK0  00000
__LcstackBANK1           cstackBANK1  00000
__LcstackBANK2           cstackBANK2  00000
__LcstackCOMMON          cstackCOMMON 00000
__LdataBANK3             dataBANK3    00000
__LdataBANK4             dataBANK4    00000
__Leeprom_data           eeprom_data  00000
__Lend_init              end_init     00002
__Lfunctab               functab      00000
__LidataBANK3            idataBANK3   00000
__LidataBANK4            idataBANK4   00000
__Lidloc                 idloc        00000
__Linit                  init         00002
__Linittext              inittext     00000
__Lintentry              intentry     00002
__Lmaintext              maintext     00000
__Lpowerup               powerup      00000
__Lram                   ram          00000
__Lreset_vec             reset_vec    00000
__Lsfr0                  sfr0         00000
__Lsfr1                  sfr1         00000
__Lsfr10                 sfr10        00000
__Lsfr11                 sfr11        00000
__Lsfr12                 sfr12        00000
__Lsfr13                 sfr13        00000
__Lsfr14                 sfr14        00000
__Lsfr15                 sfr15        00000
__Lsfr16                 sfr16        00000
__Lsfr17                 sfr17        00000
__Lsfr18                 sfr18        00000
__Lsfr19                 sfr19        00000
__Lsfr2                  sfr2         00000
__Lsfr20                 sfr20        00000
__Lsfr21                 sfr21        00000
__Lsfr22                 sfr22        00000
__Lsfr23                 sfr23        00000
__Lsfr24                 sfr24        00000
__Lsfr25                 sfr25        00000
__Lsfr26                 sfr26        00000
__Lsfr27                 sfr27        00000
__Lsfr28                 sfr28        00000
__Lsfr29                 sfr29        00000
__Lsfr3                  sfr3         00000
__Lsfr30                 sfr30        00000
__Lsfr31                 sfr31        00000
__Lsfr4                  sfr4         00000
__Lsfr5                  sfr5         00000
__Lsfr6                  sfr6         00000
__Lsfr7                  sfr7         00000
__Lsfr8                  sfr8         00000
__Lsfr9                  sfr9         00000
__Lspace_0               (abs)        00000
__Lspace_1               (abs)        00000
__Lspace_2               (abs)        00000
__Lspace_3               (abs)        00000
__Lstack                 stack        00000
__Lstrings               strings      00000
__Ltext                  text         00000
__S0                     (abs)        08009
__S1                     (abs)        00252
__S2                     (abs)        00000
__S3                     (abs)        00000
__Umul8_16               text5        000AE
__Umul8_16@multiplicand  cstackCOMMON 00070
__Umul8_16@multiplier    cstackCOMMON 00078
__Umul8_16@product       cstackCOMMON 00074
__Umul8_16@word_mpld     cstackCOMMON 00076
___awdiv                 text7        00135
___awdiv@counter         cstackCOMMON 00075
___awdiv@dividend        cstackCOMMON 00072
___awdiv@divisor         cstackCOMMON 00070
___awdiv@quotient        cstackCOMMON 00077
___awdiv@sign            cstackCOMMON 00076
___fldiv                 text6        003D5
___fldiv@a               cstackBANK0  00020
___fldiv@aexp            cstackBANK0  00039
___fldiv@b               cstackBANK0  00024
___fldiv@bexp            cstackBANK0  00038
___fldiv@grs             cstackBANK0  00034
___fldiv@new_exp         cstackBANK0  00032
___fldiv@rem             cstackBANK0  0002D
___fldiv@sign            cstackBANK0  00031
___flmul                 text4        00589
___flmul@a               cstackBANK0  0003E
___flmul@aexp            cstackBANK0  0004C
___flmul@b               cstackBANK0  0003A
___flmul@bexp            cstackBANK0  0004D
___flmul@grs             cstackBANK0  00048
___flmul@prod            cstackBANK0  0004E
___flmul@sign            cstackBANK0  00047
___flmul@temp            cstackBANK0  00052
___fltol                 text3        00194
___fltol@exp1            cstackBANK0  0005E
___fltol@f1              cstackBANK0  00054
___fltol@sign1           cstackBANK0  0005D
___int_sp                stack        00000
___latbits               (abs)        00002
___sp                    stack        00000
___stackhi               (abs)        021EF
___stacklo               (abs)        02172
___wmul                  text2        0008F
___wmul@multiplicand     cstackCOMMON 00072
___wmul@multiplier       cstackCOMMON 00070
___wmul@product          cstackCOMMON 00074
___xxtofl                text1        00209
___xxtofl@arg            cstackCOMMON 0007A
___xxtofl@exp            cstackCOMMON 00079
___xxtofl@sign           cstackCOMMON 00078
___xxtofl@val            cstackCOMMON 00070
__end_of__Umul8_16       text5        000D1
__end_of___awdiv         text7        00194
__end_of___fldiv         text6        00589
__end_of___flmul         text4        007E0
__end_of___fltol         text3        00209
__end_of___wmul          text2        000AE
__end_of___xxtofl        text1        002B5
__end_of__initialization cinit        007FD
__end_of_main            maintext     003D5
__initialization         cinit        007E0
__pbssBANK0              bssBANK0     00069
__pbssBANK1              bssBANK1     000D2
__pcstackBANK0           cstackBANK0  00020
__pcstackBANK1           cstackBANK1  000A0
__pcstackBANK2           cstackBANK2  00120
__pcstackCOMMON          cstackCOMMON 00070
__pdataBANK3             dataBANK3    001A0
__pdataBANK4             dataBANK4    00220
__pidataBANK3            idataBANK3   00103
__pidataBANK4            idataBANK4   000D1
__pmaintext              maintext     002B5
__ptext1                 text1        00209
__ptext2                 text2        0008F
__ptext3                 text3        00194
__ptext4                 text4        00589
__ptext5                 text5        000AE
__ptext6                 text6        003D5
__ptext7                 text7        00135
__size_of__Umul8_16      (abs)        00000
__size_of___awdiv        (abs)        00000
__size_of___fldiv        (abs)        00000
__size_of___flmul        (abs)        00000
__size_of___fltol        (abs)        00000
__size_of___wmul         (abs)        00000
__size_of___xxtofl       (abs)        00000
__size_of_main           (abs)        00000
_current_period_count    bssBANK0     00069
_half_period             bssBANK1     000D2
_main                    maintext     002B5
_main$678                cstackBANK0  00061
btemp                    (abs)        0007E
end_of_initialization    cinit        007FD
init_ram                 inittext     00089
intlevel0                functab      00000
intlevel1                functab      00000
intlevel2                functab      00000
intlevel3                functab      00000
intlevel4                functab      00000
intlevel5                functab      00000
main@F2918               dataBANK3    001A0
main@F2920               dataBANK4    00220
main@i                   cstackBANK0  00065
main@interval            cstackBANK2  00120
main@j                   cstackBANK0  00067
main@k                   cstackBANK0  00063
main@notes               cstackBANK1  000A0
reset_vec                reset_vec    00000
start                    init         00002
start_initialization     cinit        007E0
wtemp0                   (abs)        0007E


FUNCTION INFORMATION:

 *************** function _main *****************
 Defined at:
		line 44 in file "newmain.c"
 Parameters:    Size  Location     Type
		None
 Auto vars:     Size  Location     Type
  interval       50    0[BANK2 ] unsigned short [25]
  notes          50    0[BANK1 ] unsigned int [25]
  j               2   71[BANK0 ] int 
  i               2   69[BANK0 ] int 
  k               2   67[BANK0 ] int 
 Return value:  Size  Location     Type
                  1    wreg      void 
 Registers used:
		wreg, fsr0l, fsr0h, fsr1l, fsr1h, status,2, status,0, pclath, cstack
 Tracked objects:
		On entry : 
		On exit  : 
		Unchanged: 
 Data sizes:     COMMON   BANK0   BANK1   BANK2   BANK3   BANK4   BANK5   BANK6
      Params:         0       0       0       0       0       0       0       0
      Locals:         0       8      50      50       0       0       0       0
      Temps:          0       2       0       0       0       0       0       0
      Totals:         0      10      50      50       0       0       0       0
Total ram usage:      110 bytes
 Hardware stack levels required when called:    2
 This function calls:
		___awdiv
		___fldiv
		___flmul
		___fltol
		___wmul
		___xxtofl
 This function is called by:
		Startup code after reset
 This function uses a non-reentrant model


 *************** function ___xxtofl *****************
 Defined at:
		line 10 in file "C:\Program Files (x86)\Microchip\xc8\v2.10\pic\sources\c99\common\xxtofl.c"
 Parameters:    Size  Location     Type
  sign            1    wreg     unsigned char 
  val             4    0[COMMON] long 
 Auto vars:     Size  Location     Type
  sign            1    8[COMMON] unsigned char 
  arg             4   10[COMMON] unsigned long 
  exp             1    9[COMMON] unsigned char 
 Return value:  Size  Location     Type
                  4    0[COMMON] unsigned char 
 Registers used:
		wreg, status,2, status,0
 Tracked objects:
		On entry : 
		On exit  : 
		Unchanged: 
 Data sizes:     COMMON   BANK0   BANK1   BANK2   BANK3   BANK4   BANK5   BANK6
      Params:         4       0       0       0       0       0       0       0
      Locals:         6       0       0       0       0       0       0       0
      Temps:          4       0       0       0       0       0       0       0
      Totals:        14       0       0       0       0       0       0       0
Total ram usage:       14 bytes
 Hardware stack levels used:    1
 This function calls:
		Nothing
 This function is called by:
		_main
 This function uses a non-reentrant model


 *************** function ___wmul *****************
 Defined at:
		line 15 in file "C:\Program Files (x86)\Microchip\xc8\v2.10\pic\sources\c99\common\Umul16.c"
 Parameters:    Size  Location     Type
  multiplier      2    0[COMMON] unsigned int 
  multiplicand    2    2[COMMON] unsigned int 
 Auto vars:     Size  Location     Type
  product         2    4[COMMON] unsigned int 
 Return value:  Size  Location     Type
                  2    0[COMMON] unsigned int 
 Registers used:
		wreg, status,2, status,0
 Tracked objects:
		On entry : 
		On exit  : 
		Unchanged: 
 Data sizes:     COMMON   BANK0   BANK1   BANK2   BANK3   BANK4   BANK5   BANK6
      Params:         4       0       0       0       0       0       0       0
      Locals:         2       0       0       0       0       0       0       0
      Temps:          0       0       0       0       0       0       0       0
      Totals:         6       0       0       0       0       0       0       0
Total ram usage:        6 bytes
 Hardware stack levels used:    1
 This function calls:
		Nothing
 This function is called by:
		_main
 This function uses a non-reentrant model


 *************** function ___fltol *****************
 Defined at:
		line 43 in file "C:\Program Files (x86)\Microchip\xc8\v2.10\pic\sources\c99\common\fltol.c"
 Parameters:    Size  Location     Type
  f1              4   52[BANK0 ] unsigned int 
 Auto vars:     Size  Location     Type
  exp1            1   62[BANK0 ] unsigned char 
  sign1           1   61[BANK0 ] unsigned char 
 Return value:  Size  Location     Type
                  4   52[BANK0 ] long 
 Registers used:
		wreg, status,2, status,0
 Tracked objects:
		On entry : 
		On exit  : 
		Unchanged: 
 Data sizes:     COMMON   BANK0   BANK1   BANK2   BANK3   BANK4   BANK5   BANK6
      Params:         0       4       0       0       0       0       0       0
      Locals:         0       2       0       0       0       0       0       0
      Temps:          0       5       0       0       0       0       0       0
      Totals:         0      11       0       0       0       0       0       0
Total ram usage:       11 bytes
 Hardware stack levels used:    1
 This function calls:
		Nothing
 This function is called by:
		_main
 This function uses a non-reentrant model


 *************** function ___flmul *****************
 Defined at:
		line 8 in file "C:\Program Files (x86)\Microchip\xc8\v2.10\pic\sources\c99\common\sprcmul.c"
 Parameters:    Size  Location     Type
  b               4   26[BANK0 ] long 
  a               4   30[BANK0 ] long 
 Auto vars:     Size  Location     Type
  prod            4   46[BANK0 ] struct .
  grs             4   40[BANK0 ] unsigned long 
  temp            2   50[BANK0 ] struct .
  bexp            1   45[BANK0 ] unsigned char 
  aexp            1   44[BANK0 ] unsigned char 
  sign            1   39[BANK0 ] unsigned char 
 Return value:  Size  Location     Type
                  4   26[BANK0 ] unsigned char 
 Registers used:
		wreg, status,2, status,0, pclath, cstack
 Tracked objects:
		On entry : 
		On exit  : 
		Unchanged: 
 Data sizes:     COMMON   BANK0   BANK1   BANK2   BANK3   BANK4   BANK5   BANK6
      Params:         0       8       0       0       0       0       0       0
      Locals:         0      13       0       0       0       0       0       0
      Temps:          0       5       0       0       0       0       0       0
      Totals:         0      26       0       0       0       0       0       0
Total ram usage:       26 bytes
 Hardware stack levels used:    1
 Hardware stack levels required when called:    1
 This function calls:
		__Umul8_16
 This function is called by:
		_main
 This function uses a non-reentrant model


 *************** function __Umul8_16 *****************
 Defined at:
		line 4 in file "C:\Program Files (x86)\Microchip\xc8\v2.10\pic\sources\c99\common\Umul8_16.c"
 Parameters:    Size  Location     Type
  multiplier      1    wreg     unsigned char 
  multiplicand    1    0[COMMON] unsigned char 
 Auto vars:     Size  Location     Type
  multiplier      1    8[COMMON] unsigned char 
  word_mpld       2    6[COMMON] unsigned int 
  product         2    4[COMMON] unsigned int 
 Return value:  Size  Location     Type
                  2    0[COMMON] unsigned int 
 Registers used:
		wreg, status,2, status,0
 Tracked objects:
		On entry : 
		On exit  : 
		Unchanged: 
 Data sizes:     COMMON   BANK0   BANK1   BANK2   BANK3   BANK4   BANK5   BANK6
      Params:         2       0       0       0       0       0       0       0
      Locals:         5       0       0       0       0       0       0       0
      Temps:          2       0       0       0       0       0       0       0
      Totals:         9       0       0       0       0       0       0       0
Total ram usage:        9 bytes
 Hardware stack levels used:    1
 This function calls:
		Nothing
 This function is called by:
		___flmul
 This function uses a non-reentrant model


 *************** function ___fldiv *****************
 Defined at:
		line 8 in file "C:\Program Files (x86)\Microchip\xc8\v2.10\pic\sources\c99\common\sprcdiv.c"
 Parameters:    Size  Location     Type
  a               4    0[BANK0 ] unsigned int 
  b               4    4[BANK0 ] unsigned int 
 Auto vars:     Size  Location     Type
  grs             4   20[BANK0 ] unsigned long 
  rem             4   13[BANK0 ] unsigned long 
  new_exp         2   18[BANK0 ] int 
  aexp            1   25[BANK0 ] unsigned char 
  bexp            1   24[BANK0 ] unsigned char 
  sign            1   17[BANK0 ] unsigned char 
 Return value:  Size  Location     Type
                  4    0[BANK0 ] unsigned char 
 Registers used:
		wreg, status,2, status,0
 Tracked objects:
		On entry : 
		On exit  : 
		Unchanged: 
 Data sizes:     COMMON   BANK0   BANK1   BANK2   BANK3   BANK4   BANK5   BANK6
      Params:         0       8       0       0       0       0       0       0
      Locals:         0      13       0       0       0       0       0       0
      Temps:          0       5       0       0       0       0       0       0
      Totals:         0      26       0       0       0       0       0       0
Total ram usage:       26 bytes
 Hardware stack levels used:    1
 This function calls:
		Nothing
 This function is called by:
		_main
 This function uses a non-reentrant model


 *************** function ___awdiv *****************
 Defined at:
		line 5 in file "C:\Program Files (x86)\Microchip\xc8\v2.10\pic\sources\c99\common\awdiv.c"
 Parameters:    Size  Location     Type
  divisor         2    0[COMMON] int 
  dividend        2    2[COMMON] int 
 Auto vars:     Size  Location     Type
  quotient        2    7[COMMON] int 
  sign            1    6[COMMON] unsigned char 
  counter         1    5[COMMON] unsigned char 
 Return value:  Size  Location     Type
                  2    0[COMMON] int 
 Registers used:
		wreg, status,2, status,0
 Tracked objects:
		On entry : 
		On exit  : 
		Unchanged: 
 Data sizes:     COMMON   BANK0   BANK1   BANK2   BANK3   BANK4   BANK5   BANK6
      Params:         4       0       0       0       0       0       0       0
      Locals:         4       0       0       0       0       0       0       0
      Temps:          1       0       0       0       0       0       0       0
      Totals:         9       0       0       0       0       0       0       0
Total ram usage:        9 bytes
 Hardware stack levels used:    1
 This function calls:
		Nothing
 This function is called by:
		_main
 This function uses a non-reentrant model



MODULE INFORMATION

Module		Function		Class		Link	Load	Size
C:\Program Files (x86)\Microchip\xc8\v2.10\pic\sources\c99\common\xxtofl.c
		___xxtofl      		CODE           	0209	0000	173

C:\Program Files (x86)\Microchip\xc8\v2.10\pic\sources\c99\common\xxtofl.c estimated size: 173

C:\Program Files (x86)\Microchip\xc8\v2.10\pic\sources\c99\common\awdiv.c
		___awdiv       		CODE           	0135	0000	96

C:\Program Files (x86)\Microchip\xc8\v2.10\pic\sources\c99\common\awdiv.c estimated size: 96

C:\Program Files (x86)\Microchip\xc8\v2.10\pic\sources\c99\common\fltol.c
		___fltol       		CODE           	0194	0000	118

C:\Program Files (x86)\Microchip\xc8\v2.10\pic\sources\c99\common\fltol.c estimated size: 118

C:\Program Files (x86)\Microchip\xc8\v2.10\pic\sources\c99\common\sprcmul.c
		___flmul       		CODE           	0589	0000	600

C:\Program Files (x86)\Microchip\xc8\v2.10\pic\sources\c99\common\sprcmul.c estimated size: 600

C:\Program Files (x86)\Microchip\xc8\v2.10\pic\sources\c99\common\sprcdiv.c
		___fldiv       		CODE           	03D5	0000	437

C:\Program Files (x86)\Microchip\xc8\v2.10\pic\sources\c99\common\sprcdiv.c estimated size: 437

newmain.c
		_main          		CODE           	02B5	0000	289

newmain.c estimated size: 289

shared
		__initialization		CODE           	07E0	0000	30

shared estimated size: 30

C:\Program Files (x86)\Microchip\xc8\v2.10\pic\sources\c99\common\Umul16.c
		___wmul        		CODE           	008F	0000	32

C:\Program Files (x86)\Microchip\xc8\v2.10\pic\sources\c99\common\Umul16.c estimated size: 32

C:\Program Files (x86)\Microchip\xc8\v2.10\pic\sources\c99\common\Umul8_16.c
		__Umul8_16     		CODE           	00AE	0000	36

C:\Program Files (x86)\Microchip\xc8\v2.10\pic\sources\c99\common\Umul8_16.c estimated size: 36

